<html>
<body>
<pre>
<h1>µVision Build Log</h1>
<h2>Tool Versions:</h2>
IDE-Version: µVision V5.14.0.0
Copyright (C) 2015 ARM Ltd and ARM Germany GmbH. All rights reserved.
License Information: Yunfei Microsoft, Microsoft, LIC=CRMQD-8Y2W2-16VQV-PQWBS-9KMDN-V6BAI
 
Tool Versions:
Toolchain:       MDK-ARM Professional  Version: 5.14.0.0
Toolchain Path:  C:\Keil_v5\ARM\ARMCC\Bin
C Compiler:      Armcc.exe V5.05 update 1 (build 106)
Assembler:       Armasm.exe V5.05 update 1 (build 106)
Linker/Locator:  ArmLink.exe V5.05 update 1 (build 106)
Library Manager: ArmAr.exe V5.05 update 1 (build 106)
Hex Converter:   FromElf.exe V5.05 update 1 (build 106)
CPU DLL:         SARMCM3.DLL V5.14.0.0
Dialog DLL:      DCM.DLL V1.13.1.0
Target DLL:      Segger\JL2CM3.dll V2.99.13.0
Dialog DLL:      TCM.DLL V1.14.4.0
 
<h2>Project:</h2>
C:\Users\yunfeigu\Desktop\demo\demo\adc\adc\USER\ADC.uvprojx
Project File Date:  11/03/2016

<h2>Output:</h2>
Build target 'ADC'
compiling main.c...
linking...
Program Size: Code=8448 RO-data=424 RW-data=92 ZI-data=1636  
FromELF: creating hex file...
After Build - User command #1: fromelf --bin ..\OBJ\ADC.axf --output main.bin.temp
After Build - User command #2: File2Bin.exe 0x01 1 00 .\main.bin.temp .\main.bin
"..\OBJ\ADC.axf" - 0 Error(s), 0 Warning(s).

<h2>Collection of Component include folders:</h2>
  C:\Users\yunfeigu\Desktop\demo\demo\adc\adc\USER\RTE
  C:\Keil_v5\ARM\PACK\Keil\STM32F4xx_DFP\2.10.0

<h2>Collection of Component Files used:</h2>
</pre>
</body>
</html>
